cp -u Makefile src
make -C src all
make[1]: Entering directory `/home/steve/focus/src'
sdcc -mz80 --stack-auto -DARCH=spectrum -DDEBUG -I/home/steve/focus -I./include -I/home/steve/focus/include -M version.c > version.d
sdcc -mz80 --stack-auto -DARCH=spectrum -DDEBUG -I/home/steve/focus -I./include -I/home/steve/focus/include -M main.c > main.d
make[1]: Leaving directory `/home/steve/focus/src'
make[1]: Entering directory `/home/steve/focus/src'
cp -u Makefile data
make -C data all
make[2]: Entering directory `/home/steve/focus/src/data'
sdcc -mz80 --stack-auto -DARCH=spectrum -DDEBUG -I/home/steve/focus -I./include -I/home/steve/focus/include -M fifo.c > fifo.d
make[2]: Leaving directory `/home/steve/focus/src/data'
make[2]: Entering directory `/home/steve/focus/src/data'
sdcc -mz80 --stack-auto -DARCH=spectrum -DDEBUG -I/home/steve/focus -I./include -I/home/steve/focus/include -o fifo.o -c fifo.c
ar -cr data.a fifo.o
make[2]: Leaving directory `/home/steve/focus/src/data'
cp -u Makefile devices
make -C devices all
make[2]: Entering directory `/home/steve/focus/src/devices'
sdcc -mz80 --stack-auto -DARCH=spectrum -DDEBUG -I/home/steve/focus -I./include -I/home/steve/focus/include -M devices.c > devices.d
make[2]: Leaving directory `/home/steve/focus/src/devices'
make[2]: Entering directory `/home/steve/focus/src/devices'
sdcc -mz80 --stack-auto -DARCH=spectrum -DDEBUG -I/home/steve/focus -I./include -I/home/steve/focus/include -o devices.o -c devices.c
ar -cr devices.a devices.o
make[2]: Leaving directory `/home/steve/focus/src/devices'
cp -u Makefile drivers
make -C drivers all
make[2]: Entering directory `/home/steve/focus/src/drivers'
sdcc -mz80 --stack-auto -DARCH=spectrum -DDEBUG -I/home/steve/focus -I./include -I/home/steve/focus/include -M memory.c > memory.d
make[2]: Leaving directory `/home/steve/focus/src/drivers'
make[2]: Entering directory `/home/steve/focus/src/drivers'
cp -u Makefile spectrum
make -C spectrum all
make[3]: Entering directory `/home/steve/focus/src/drivers/spectrum'
sdcc -mz80 --stack-auto -DARCH=spectrum -DDEBUG -I/home/steve/focus -I./include -I/home/steve/focus/include -M video.c > video.d
sdcc -mz80 --stack-auto -DARCH=spectrum -DDEBUG -I/home/steve/focus -I./include -I/home/steve/focus/include -M sound.c > sound.d
sdcc -mz80 --stack-auto -DARCH=spectrum -DDEBUG -I/home/steve/focus -I./include -I/home/steve/focus/include -M main.c > main.d
sdcc -mz80 --stack-auto -DARCH=spectrum -DDEBUG -I/home/steve/focus -I./include -I/home/steve/focus/include -M keyboard.c > keyboard.d
make[3]: Leaving directory `/home/steve/focus/src/drivers/spectrum'
make[3]: Entering directory `/home/steve/focus/src/drivers/spectrum'
sdcc -mz80 --stack-auto -DARCH=spectrum -DDEBUG -I/home/steve/focus -I./include -I/home/steve/focus/include -o keyboard.o -c keyboard.c
sdcc -mz80 --stack-auto -DARCH=spectrum -DDEBUG -I/home/steve/focus -I./include -I/home/steve/focus/include -o main.o -c main.c
sdcc -mz80 --stack-auto -DARCH=spectrum -DDEBUG -I/home/steve/focus -I./include -I/home/steve/focus/include -o sound.o -c sound.c
sdcc -mz80 --stack-auto -DARCH=spectrum -DDEBUG -I/home/steve/focus -I./include -I/home/steve/focus/include -o video.o -c video.c
ar -cr spectrum.a keyboard.o main.o sound.o video.o
make[3]: Leaving directory `/home/steve/focus/src/drivers/spectrum'
sdcc -mz80 --stack-auto -DARCH=spectrum -DDEBUG -I/home/steve/focus -I./include -I/home/steve/focus/include -o memory.o -c memory.c
ar -cr drivers.a memory.o spectrum/spectrum.a
make[2]: Leaving directory `/home/steve/focus/src/drivers'
cp -u Makefile fs
make -C fs all
make[2]: Entering directory `/home/steve/focus/src/fs'
sdcc -mz80 --stack-auto -DARCH=spectrum -DDEBUG -I/home/steve/focus -I./include -I/home/steve/focus/include -M volume.c > volume.d
sdcc -mz80 --stack-auto -DARCH=spectrum -DDEBUG -I/home/steve/focus -I./include -I/home/steve/focus/include -M vfs.c > vfs.d
make[2]: Leaving directory `/home/steve/focus/src/fs'
make[2]: Entering directory `/home/steve/focus/src/fs'
sdcc -mz80 --stack-auto -DARCH=spectrum -DDEBUG -I/home/steve/focus -I./include -I/home/steve/focus/include -o vfs.o -c vfs.c
sdcc -mz80 --stack-auto -DARCH=spectrum -DDEBUG -I/home/steve/focus -I./include -I/home/steve/focus/include -o volume.o -c volume.c
ar -cr fs.a vfs.o volume.o
make[2]: Leaving directory `/home/steve/focus/src/fs'
cp -u Makefile memory
make -C memory all
make[2]: Entering directory `/home/steve/focus/src/memory'
sdcc -mz80 --stack-auto -DARCH=spectrum -DDEBUG -I/home/steve/focus -I./include -I/home/steve/focus/include -M memory.c > memory.d
make[2]: Leaving directory `/home/steve/focus/src/memory'
make[2]: Entering directory `/home/steve/focus/src/memory'
sdcc -mz80 --stack-auto -DARCH=spectrum -DDEBUG -I/home/steve/focus -I./include -I/home/steve/focus/include -o memory.o -c memory.c
ar -cr memory.a memory.o
make[2]: Leaving directory `/home/steve/focus/src/memory'
cp -u Makefile shell
make -C shell all
make[2]: Entering directory `/home/steve/focus/src/shell'
sdcc -mz80 --stack-auto -DARCH=spectrum -DDEBUG -I/home/steve/focus -I./include -I/home/steve/focus/include -M main.c > main.d
sdcc -mz80 --stack-auto -DARCH=spectrum -DDEBUG -I/home/steve/focus -I./include -I/home/steve/focus/include -M commands.c > commands.d
make[2]: Leaving directory `/home/steve/focus/src/shell'
make[2]: Entering directory `/home/steve/focus/src/shell'
sdcc -mz80 --stack-auto -DARCH=spectrum -DDEBUG -I/home/steve/focus -I./include -I/home/steve/focus/include -o commands.o -c commands.c
sdcc -mz80 --stack-auto -DARCH=spectrum -DDEBUG -I/home/steve/focus -I./include -I/home/steve/focus/include -o main.o -c main.c
ar -cr shell.a commands.o main.o
make[2]: Leaving directory `/home/steve/focus/src/shell'
cp -u Makefile util
make -C util all
make[2]: Entering directory `/home/steve/focus/src/util'
sdcc -mz80 --stack-auto -DARCH=spectrum -DDEBUG -I/home/steve/focus -I./include -I/home/steve/focus/include -M util.c > util.d
sdcc -mz80 --stack-auto -DARCH=spectrum -DDEBUG -I/home/steve/focus -I./include -I/home/steve/focus/include -M readline.c > readline.d
sdcc -mz80 --stack-auto -DARCH=spectrum -DDEBUG -I/home/steve/focus -I./include -I/home/steve/focus/include -M printf.c > printf.d
sdcc -mz80 --stack-auto -DARCH=spectrum -DDEBUG -I/home/steve/focus -I./include -I/home/steve/focus/include -M font.c > font.d
sdcc -mz80 --stack-auto -DARCH=spectrum -DDEBUG -I/home/steve/focus -I./include -I/home/steve/focus/include -M errno.c > errno.d
make[2]: Leaving directory `/home/steve/focus/src/util'
make[2]: Entering directory `/home/steve/focus/src/util'
sdcc -mz80 --stack-auto -DARCH=spectrum -DDEBUG -I/home/steve/focus -I./include -I/home/steve/focus/include -o errno.o -c errno.c
sdcc -mz80 --stack-auto -DARCH=spectrum -DDEBUG -I/home/steve/focus -I./include -I/home/steve/focus/include -o font.o -c font.c
sdcc -mz80 --stack-auto -DARCH=spectrum -DDEBUG -I/home/steve/focus -I./include -I/home/steve/focus/include -o printf.o -c printf.c
sdcc -mz80 --stack-auto -DARCH=spectrum -DDEBUG -I/home/steve/focus -I./include -I/home/steve/focus/include -o readline.o -c readline.c
sdcc -mz80 --stack-auto -DARCH=spectrum -DDEBUG -I/home/steve/focus -I./include -I/home/steve/focus/include -o util.o -c util.c
as-z80 -plosgff  -o arch_z80.o arch_z80.s
ar -cr util.a errno.o font.o printf.o readline.o util.o arch_z80.o
make[2]: Leaving directory `/home/steve/focus/src/util'
sdcc -mz80 --stack-auto -DARCH=spectrum -DDEBUG -I/home/steve/focus -I./include -I/home/steve/focus/include -o main.o -c main.c
sdcc -mz80 --stack-auto -DARCH=spectrum -DDEBUG -I/home/steve/focus -I./include -I/home/steve/focus/include -o version.o -c version.c
ar -cr src.a main.o version.o data/data.a devices/devices.a drivers/drivers.a fs/fs.a memory/memory.a shell/shell.a util/util.a
make[1]: Leaving directory `/home/steve/focus/src'
link-z80 -n -c -- -b_CODE=0x0000 -b_DATA=0x5b00 -b_STACK=0xffff -m -j -k/usr/local/share/sdcc/lib/z80 -lz80.lib -i focus.ihx src/src.a
hex2bin -s 0x0000 focus.ihx
hex2bin v1.0.1, Copyright (C) 1999 Jacques Pelletier
Lowest address = 00000000
Highest address = 000030F9
